// Jest Snapshot v1, https://goo.gl/fbAQLP

exports[`<InputComponent /> should match snapshot 1`] = `
<div>
  <input
    class="text-input"
    placeholder="type your search"
    type="search"
    value="Testing"
  />
</div>
`;
